// Jest Snapshot v1, https://goo.gl/fbAQLP

exports[`Test custom component 1`] = `undefined`;

exports[`Test sample snapshot 1`] = `
"
	<div>
        <form id='box'>

            <div class="inputsec">
                <label for="username" class="txt">Username: </label><br>
                <input type="text" id="username" class= "txtinput" name="username"><br>
            </div>

            <div class="inputsec" id="passwordgroup">
                <label for="password" class="txt">Password: </label><br>
                <input type="password" id="password" class= "txtinput" name="password"><br>
            </div>

            <div id="check">
                <input type="checkbox" id="rememberme" name="rememberme" value="rememberme">
                <label for="rememberme" class="txt">Remember Me</label><br>
            </div>
        
            <input type="submit" id='submit'  value="Login >">
        </form>
    </div>  
	"
`;
